node : node:internal/
modules/cjs/loader:14
24
At line:1 char:1
+ node test-ai.js > 
test_log.txt 2>&1
+ ~~~~~~~~~~~~~~~~~~~
~~~~~~~~~~~~~~~~
    + CategoryInfo   
           : NotSpe  
  cified: (node:in   
 ternal/modules/c    
js/loader:1424:S    
tring) [], Remot    
eException
    + FullyQualified 
   ErrorId : Native  
  CommandError
 
  throw err;
  ^

Error: Cannot find 
module '@google/gener
ative-ai'
Require stack:
- C:\Users\hp\OneDriv
e\Desktop\news\backen
d\test-ai.js
    at Module._resolv
eFilename (node:inter
nal/modules/cjs/loade
r:1421:15)
    at 
defaultResolveImpl (n
ode:internal/modules/
cjs/loader:1059:19)
    at resolveForCJSW
ithHooks (node:intern
al/modules/cjs/loader
:1064:22)
    at Module._load (
node:internal/modules
/cjs/loader:1227:37)
    at TracingChannel
.traceSync (node:diag
nostics_channel:328:1
4)
    at 
wrapModuleLoad (node:
internal/modules/cjs/
loader:245:24)
    at 
Module.require (node:
internal/modules/cjs/
loader:1504:12)
    at require (node:
internal/modules/help
ers:152:16)
    at 
Object.<anonymous> (C
:\Users\hp\OneDrive\D
esktop\news\backend\t
est-ai.js:1:32)
    at 
Module._compile (node
:internal/modules/cjs
/loader:1761:14) {
  code: 
'MODULE_NOT_FOUND',
  requireStack: [ 'C:
\\Users\\hp\\OneDrive
\\Desktop\\news\\back
end\\test-ai.js' ]
}

Node.js v24.12.0
